[0m18:49:37.851813 [debug] [MainThread]: Sending event: {'category': 'dbt', 'action': 'invocation', 'label': 'start', 'context': [<snowplow_tracker.self_describing_json.SelfDescribingJson object at 0x00000271D1C522D0>, <snowplow_tracker.self_describing_json.SelfDescribingJson object at 0x00000271D550B010>, <snowplow_tracker.self_describing_json.SelfDescribingJson object at 0x00000271D4195E10>]}


============================== 18:49:37.862844 | f91be063-82e6-4568-9f95-64f264b6e8fa ==============================
[0m18:49:37.862844 [info ] [MainThread]: Running with dbt=1.11.8
[0m18:49:37.864840 [debug] [MainThread]: running dbt with arguments {'version_check': 'True', 'no_print': 'None', 'static_parser': 'True', 'warn_error_options': 'WarnErrorOptionsV2(error=[], warn=[], silence=[])', 'target_path': 'None', 'printer_width': '80', 'write_json': 'True', 'empty': 'None', 'log_cache_events': 'False', 'introspect': 'True', 'cache_selected_only': 'False', 'log_format': 'default', 'debug': 'False', 'fail_fast': 'False', 'profiles_dir': 'C:\\Users\\ashra\\.dbt', 'send_anonymous_usage_stats': 'True', 'quiet': 'False', 'warn_error': 'None', 'partial_parse': 'True', 'invocation_command': 'dbt init factory_dbt', 'use_colors': 'True', 'indirect_selection': 'eager', 'use_experimental_parser': 'False', 'log_path': 'logs'}
[0m18:49:37.901889 [info ] [MainThread]: Creating dbt configuration folder at C:\Users\ashra\.dbt
[0m18:49:37.908286 [debug] [MainThread]: Starter project path: C:\Users\ashra\.conda\envs\cdk-env\Lib\site-packages\dbt\include\starter_project
[0m18:49:37.948216 [info ] [MainThread]: 
Your new dbt project "factory_dbt" was created!

For more information on how to configure the profiles.yml file,
please consult the dbt documentation here:

  https://docs.getdbt.com/docs/configure-your-profile

One more thing:

Need help? Don't hesitate to reach out to us via GitHub issues or on Slack:

  https://community.getdbt.com/

Happy modeling!

[0m18:49:37.949214 [info ] [MainThread]: Setting up your profile.
[0m18:51:09.140994 [info ] [MainThread]: Profile factory_dbt written to C:\Users\ashra\.dbt\profiles.yml using target's profile_template.yml and your supplied values. Run 'dbt debug' to validate the connection.
[0m18:51:09.143505 [debug] [MainThread]: Command `dbt init` succeeded at 18:51:09.143505 after 91.53 seconds
[0m18:51:09.144515 [debug] [MainThread]: Sending event: {'category': 'dbt', 'action': 'invocation', 'label': 'end', 'context': [<snowplow_tracker.self_describing_json.SelfDescribingJson object at 0x00000271D52A2450>, <snowplow_tracker.self_describing_json.SelfDescribingJson object at 0x00000271D52A2290>, <snowplow_tracker.self_describing_json.SelfDescribingJson object at 0x00000271D51B3F10>]}
[0m18:51:09.145516 [debug] [MainThread]: Flushing usage events
[0m18:51:09.871627 [debug] [MainThread]: An error was encountered while trying to flush usage events
